[
    "laborum",
    "in",
    "eaque",
    "harum",
    "veniam",
    "veritatis"
]
