[
    [
        "in",
        "eaque",
        "harum",
        "veniam",
        "veritatis",
        "cumque",
        "totam",
        "reiciendis",
        "rerum"
    ],
    [
        "inventore"
    ],
    [
        "et"
    ],
    [
        "perspiciatis",
        "ad",
        "et"
    ],
    [
        "reprehenderit",
        "quam",
        "voluptates",
        "non",
        "odio"
    ],
    [
        "placeat",
        "nihil",
        "ut",
        "possimus",
        "cumque"
    ]
]
