[
    488690146,
    321051476,
    -1983034482,
    572039736
]
