[
    88,
    88,
    4,
    88,
    4,
    4,
    6789,
    88,
    6789,
    6789,
    4,
    4,
    4,
    4,
    4,
    88
]
