[
    "laborum",
    "in",
    "eaque",
    "harum",
    "veniam",
    "veritatis",
    "cumque",
    "totam",
    "reiciendis"
]
