[
    488690146,
    321051476,
    -1983034482
]
