[
    488690146,
    321051476,
    -1983034482,
    572039736,
    -933357512,
    -1879644922,
    858398568,
    -142637466,
    2046609882,
    1911609916
]
