{
    "id": 321051476,
    "username": "eaque",
    "birthdate": []
}
