{
    "id": 321051476,
    "username": "eaque",
    "name": "harum",
    "age": -933357512,
    "birthdate": [],
    "email": "weston94@example.com"
}
