{
    "age": 1318086903,
    "name": "in",
    "email": "nader.arno@example.net"
}
