{
    "id": -1983034482,
    "format": "compact"
}
