{
    "baz": "harum",
    "bar": "1984-04-06",
    "foo": -1879644922,
    "bap": "compact"
}
