{
    "resource_id": "in",
    "resource_type": "tweet",
    "section": "includes",
    "type": "https:\/\/api.twitter.com\/labs\/1\/problems\/not-authorized-for-resource",
    "detail": "veritatis",
    "title": "cumque",
    "foo": {
        "loop": []
    }
}
