{
    "status": 321051476,
    "type": "http:\/\/example.com",
    "detail": "harum",
    "title": "veniam"
}
