{
    "status": 321051476,
    "type": "about:blank",
    "detail": "harum",
    "title": "veniam"
}
