http://www.morar.com/harum-veniam-veritatis-cumque